// Jest Snapshot v1, https://goo.gl/fbAQLP

exports[`<DatepickerControl /> matches the snapshots 1`] = `
<div
  className="pgn__form-group datepicker-custom"
>
  <label
    className="pgn__form-label d-flex justify-content-between mb-0"
    htmlFor="form-field1"
  >
    <span
      className="datepicker-custom-control-label"
    >
      fooLabel
    </span>
  </label>
  <div
    className="position-relative"
  >
    <span
      alt="Calendar for datepicker input"
      className="pgn__icon datepicker-custom-control-icon"
    >
      <svg
        aria-hidden={true}
        fill="none"
        focusable={false}
        height={24}
        role="img"
        viewBox="0 0 24 24"
        width={24}
        xmlns="http://www.w3.org/2000/svg"
      >
        <path
          d="M21 3h-3V1h-2v2H8V1H6v2H3v18h18V3zm-2 16H5V8h14v11z"
          fill="currentColor"
        />
      </svg>
    </span>
    <div
      className="react-datepicker-wrapper"
    >
      <div
        className="react-datepicker__input-container "
      >
        <span
          aria-live="polite"
          className="react-datepicker__aria-live"
          role="alert"
        />
        <input
          autoComplete="off"
          className="datepicker-custom-control"
          disabled={false}
          name="fooControlName"
          onBlur={[Function]}
          onChange={[Function]}
          onClick={[Function]}
          onFocus={[Function]}
          onKeyDown={[Function]}
          placeholder="MM/DD/YYYY"
          readOnly={false}
          type="text"
          value=""
        />
      </div>
    </div>
  </div>
  <div
    className="pgn__form-control-description pgn__form-text pgn__form-text-default"
  >
    <div>
      barHelpText
    </div>
  </div>
</div>
`;
