// Jest Snapshot v1, https://goo.gl/fbAQLP

exports[`<ScheduleSection /> matches the snapshots 1`] = `
<section
  className="section-container schedule-section"
>
  <header
    className="section-header"
  >
    <span
      className="lead"
    >
      Course schedule
    </span>
    <span
      className="x-small text-gray-700"
    >
      Dates that control when your course can be viewed
    </span>
  </header>
  <ul
    className="schedule-date-list"
  >
    <li
      className="schedule-date-item"
    >
      <div
        className="schedule-date-item-container"
      >
        <div
          className="pgn__form-group datepicker-custom"
        >
          <label
            className="pgn__form-label d-flex justify-content-between mb-0"
            htmlFor="form-field1"
          >
            <span
              className="datepicker-custom-control-label"
            >
              Course start date
            </span>
          </label>
          <div
            className="position-relative"
          >
            <span
              alt="Calendar for datepicker input"
              className="pgn__icon datepicker-custom-control-icon"
            >
              <svg
                aria-hidden={true}
                fill="none"
                focusable={false}
                height={24}
                role="img"
                viewBox="0 0 24 24"
                width={24}
                xmlns="http://www.w3.org/2000/svg"
              >
                <path
                  d="M21 3h-3V1h-2v2H8V1H6v2H3v18h18V3zm-2 16H5V8h14v11z"
                  fill="currentColor"
                />
              </svg>
            </span>
            <div
              className="react-datepicker-wrapper"
            >
              <div
                className="react-datepicker__input-container "
              >
                <span
                  aria-live="polite"
                  className="react-datepicker__aria-live"
                  role="alert"
                />
                <input
                  autoComplete="off"
                  className="datepicker-custom-control"
                  disabled={false}
                  name="startDate-date"
                  onBlur={[Function]}
                  onChange={[Function]}
                  onClick={[Function]}
                  onFocus={[Function]}
                  onKeyDown={[Function]}
                  placeholder="MM/DD/YYYY"
                  readOnly={false}
                  type="text"
                  value="06/14/2023"
                />
              </div>
            </div>
          </div>
          <div
            className="pgn__form-control-description pgn__form-text pgn__form-text-default"
            id="form-field1-13"
          >
            <div>
              First day the course begins
            </div>
          </div>
        </div>
        <div
          className="pgn__form-group datepicker-custom"
        >
          <label
            className="pgn__form-label d-flex justify-content-between mb-0"
            htmlFor="form-field2"
          >
            <span
              className="datepicker-custom-control-label"
            >
              Course start time
            </span>
            <span
              className="h6 font-weight-normal text-gray-500"
            >
              (
              UTC
              )
            </span>
          </label>
          <div
            className="position-relative"
          >
            <div
              className="react-datepicker-wrapper"
            >
              <div
                className="react-datepicker__input-container "
              >
                <span
                  aria-live="polite"
                  className="react-datepicker__aria-live"
                  role="alert"
                />
                <input
                  autoComplete="off"
                  className="datepicker-custom-control"
                  disabled={false}
                  name="startDate-time"
                  onBlur={[Function]}
                  onChange={[Function]}
                  onClick={[Function]}
                  onFocus={[Function]}
                  onKeyDown={[Function]}
                  placeholder="HH:MM"
                  readOnly={false}
                  type="text"
                  value="03:00"
                />
              </div>
            </div>
          </div>
          
        </div>
      </div>
      
    </li>
    <li
      className="schedule-date-item"
    >
      <div
        className="schedule-date-item-container"
      >
        <div
          className="pgn__form-group datepicker-custom"
        >
          <label
            className="pgn__form-label d-flex justify-content-between mb-0"
            htmlFor="form-field3"
          >
            <span
              className="datepicker-custom-control-label"
            >
              Course end date
            </span>
          </label>
          <div
            className="position-relative"
          >
            <span
              alt="Calendar for datepicker input"
              className="pgn__icon datepicker-custom-control-icon"
            >
              <svg
                aria-hidden={true}
                fill="none"
                focusable={false}
                height={24}
                role="img"
                viewBox="0 0 24 24"
                width={24}
                xmlns="http://www.w3.org/2000/svg"
              >
                <path
                  d="M21 3h-3V1h-2v2H8V1H6v2H3v18h18V3zm-2 16H5V8h14v11z"
                  fill="currentColor"
                />
              </svg>
            </span>
            <div
              className="react-datepicker-wrapper"
            >
              <div
                className="react-datepicker__input-container "
              >
                <span
                  aria-live="polite"
                  className="react-datepicker__aria-live"
                  role="alert"
                />
                <input
                  autoComplete="off"
                  className="datepicker-custom-control"
                  disabled={false}
                  name="endDate-date"
                  onBlur={[Function]}
                  onChange={[Function]}
                  onClick={[Function]}
                  onFocus={[Function]}
                  onKeyDown={[Function]}
                  placeholder="MM/DD/YYYY"
                  readOnly={false}
                  type="text"
                  value=""
                />
              </div>
            </div>
          </div>
          <div
            className="pgn__form-control-description pgn__form-text pgn__form-text-default"
            id="form-field3-16"
          >
            <div>
              Last day your course is active
            </div>
          </div>
        </div>
        <div
          className="pgn__form-group datepicker-custom"
        >
          <label
            className="pgn__form-label d-flex justify-content-between mb-0"
            htmlFor="form-field4"
          >
            <span
              className="datepicker-custom-control-label"
            >
              Course end time
            </span>
            <span
              className="h6 font-weight-normal text-gray-500"
            >
              (
              UTC
              )
            </span>
          </label>
          <div
            className="position-relative"
          >
            <div
              className="react-datepicker-wrapper"
            >
              <div
                className="react-datepicker__input-container "
              >
                <span
                  aria-live="polite"
                  className="react-datepicker__aria-live"
                  role="alert"
                />
                <input
                  autoComplete="off"
                  className="datepicker-custom-control"
                  disabled={false}
                  name="endDate-time"
                  onBlur={[Function]}
                  onChange={[Function]}
                  onClick={[Function]}
                  onFocus={[Function]}
                  onKeyDown={[Function]}
                  placeholder="HH:MM"
                  readOnly={false}
                  type="text"
                  value=""
                />
              </div>
            </div>
          </div>
          
        </div>
      </div>
      
    </li>
    <li
      className="schedule-date-item"
    >
      <div
        className="schedule-date-item-container"
      >
        <div
          className="pgn__form-group dropdown-certificate"
        >
          <label
            className="pgn__form-label dropdown-certificate-label"
            htmlFor="form-field5"
          >
            Certificate display behavior
          </label>
          <div
            className="pgn__dropdown pgn__dropdown-light dropdown-certificate-control dropdown"
            data-testid="dropdown"
          >
            <button
              aria-expanded={false}
              aria-haspopup={true}
              className="dropdown-certificate-control-toggle dropdown-toggle btn btn-primary"
              disabled={false}
              id="certificate-behavior-dropdown"
              onClick={[Function]}
              type="button"
            >
              End date of course
            </button>
          </div>
          <div
            className="pgn__form-control-description pgn__form-text pgn__form-text-default"
            id="form-field5-19"
          >
            <div>
              Certificates are awarded at the end of a course run
            </div>
          </div>
          <div
            className="pgn_collapsible"
          >
            <div
              aria-expanded={false}
              className="d-flex small text-info-500 align-items-center"
              onClick={[Function]}
              onKeyDown={[Function]}
              role="button"
              tabIndex={0}
            >
              <span
                className="pgn__icon mr-1"
              >
                <svg
                  aria-hidden={true}
                  fill="none"
                  focusable={false}
                  height={24}
                  role="img"
                  viewBox="0 0 24 24"
                  width={24}
                  xmlns="http://www.w3.org/2000/svg"
                >
                  <path
                    d="M12 2C6.48 2 2 6.48 2 12s4.48 10 10 10 10-4.48 10-10S17.52 2 12 2zm1 15h-2v-6h2v6zm0-8h-2V7h2v2z"
                    fill="currentColor"
                  />
                </svg>
              </span>
              Read more about this setting
            </div>
            <div
              className="pgn-transition-replace-group position-relative"
              style={
                Object {
                  "height": null,
                }
              }
            >
              <div
                style={
                  Object {
                    "padding": ".1px 0",
                  }
                }
              >
                <div />
              </div>
            </div>
          </div>
        </div>
      </div>
      
      
    </li>
    <li
      className="schedule-date-item"
    >
      <div
        className="schedule-date-item-container"
      >
        <div
          className="pgn__form-group datepicker-custom"
        >
          <label
            className="pgn__form-label d-flex justify-content-between mb-0"
            htmlFor="form-field6"
          >
            <span
              className="datepicker-custom-control-label"
            >
              Enrollment start date
            </span>
          </label>
          <div
            className="position-relative"
          >
            <span
              alt="Calendar for datepicker input"
              className="pgn__icon datepicker-custom-control-icon"
            >
              <svg
                aria-hidden={true}
                fill="none"
                focusable={false}
                height={24}
                role="img"
                viewBox="0 0 24 24"
                width={24}
                xmlns="http://www.w3.org/2000/svg"
              >
                <path
                  d="M21 3h-3V1h-2v2H8V1H6v2H3v18h18V3zm-2 16H5V8h14v11z"
                  fill="currentColor"
                />
              </svg>
            </span>
            <div
              className="react-datepicker-wrapper"
            >
              <div
                className="react-datepicker__input-container "
              >
                <span
                  aria-live="polite"
                  className="react-datepicker__aria-live"
                  role="alert"
                />
                <input
                  autoComplete="off"
                  className="datepicker-custom-control"
                  disabled={false}
                  name="enrollmentStart-date"
                  onBlur={[Function]}
                  onChange={[Function]}
                  onClick={[Function]}
                  onFocus={[Function]}
                  onKeyDown={[Function]}
                  placeholder="MM/DD/YYYY"
                  readOnly={false}
                  type="text"
                  value=""
                />
              </div>
            </div>
          </div>
          <div
            className="pgn__form-control-description pgn__form-text pgn__form-text-default"
            id="form-field6-21"
          >
            <div>
              Enrollment start date
            </div>
          </div>
        </div>
        <div
          className="pgn__form-group datepicker-custom"
        >
          <label
            className="pgn__form-label d-flex justify-content-between mb-0"
            htmlFor="form-field7"
          >
            <span
              className="datepicker-custom-control-label"
            >
              Enrollment start time
            </span>
            <span
              className="h6 font-weight-normal text-gray-500"
            >
              (
              UTC
              )
            </span>
          </label>
          <div
            className="position-relative"
          >
            <div
              className="react-datepicker-wrapper"
            >
              <div
                className="react-datepicker__input-container "
              >
                <span
                  aria-live="polite"
                  className="react-datepicker__aria-live"
                  role="alert"
                />
                <input
                  autoComplete="off"
                  className="datepicker-custom-control"
                  disabled={false}
                  name="enrollmentStart-time"
                  onBlur={[Function]}
                  onChange={[Function]}
                  onClick={[Function]}
                  onFocus={[Function]}
                  onKeyDown={[Function]}
                  placeholder="HH:MM"
                  readOnly={false}
                  type="text"
                  value=""
                />
              </div>
            </div>
          </div>
          
        </div>
      </div>
      
    </li>
    <li
      className="schedule-date-item"
    >
      <div
        className="schedule-date-item-container"
      >
        <div
          className="pgn__form-group datepicker-custom"
        >
          <label
            className="pgn__form-label d-flex justify-content-between mb-0"
            htmlFor="form-field8"
          >
            <span
              className="datepicker-custom-control-label"
            >
              Enrollment end date
            </span>
          </label>
          <div
            className="position-relative"
          >
            <span
              alt="Calendar for datepicker input"
              className="pgn__icon datepicker-custom-control-icon"
            >
              <svg
                aria-hidden={true}
                fill="none"
                focusable={false}
                height={24}
                role="img"
                viewBox="0 0 24 24"
                width={24}
                xmlns="http://www.w3.org/2000/svg"
              >
                <path
                  d="M21 3h-3V1h-2v2H8V1H6v2H3v18h18V3zm-2 16H5V8h14v11z"
                  fill="currentColor"
                />
              </svg>
            </span>
            <div
              className="react-datepicker-wrapper"
            >
              <div
                className="react-datepicker__input-container "
              >
                <span
                  aria-live="polite"
                  className="react-datepicker__aria-live"
                  role="alert"
                />
                <input
                  autoComplete="off"
                  className="datepicker-custom-control"
                  disabled={false}
                  name="enrollmentEnd-date"
                  onBlur={[Function]}
                  onChange={[Function]}
                  onClick={[Function]}
                  onFocus={[Function]}
                  onKeyDown={[Function]}
                  placeholder="MM/DD/YYYY"
                  readOnly={false}
                  type="text"
                  value=""
                />
              </div>
            </div>
          </div>
          <div
            className="pgn__form-control-description pgn__form-text pgn__form-text-default"
            id="form-field8-24"
          >
            <div>
              Last day students can enroll. Contact your edX partner manager to update these settings.
            </div>
          </div>
        </div>
        <div
          className="pgn__form-group datepicker-custom"
        >
          <label
            className="pgn__form-label d-flex justify-content-between mb-0"
            htmlFor="form-field9"
          >
            <span
              className="datepicker-custom-control-label"
            >
              Enrollment end time
            </span>
            <span
              className="h6 font-weight-normal text-gray-500"
            >
              (
              UTC
              )
            </span>
          </label>
          <div
            className="position-relative"
          >
            <div
              className="react-datepicker-wrapper"
            >
              <div
                className="react-datepicker__input-container "
              >
                <span
                  aria-live="polite"
                  className="react-datepicker__aria-live"
                  role="alert"
                />
                <input
                  autoComplete="off"
                  className="datepicker-custom-control"
                  disabled={false}
                  name="enrollmentEnd-time"
                  onBlur={[Function]}
                  onChange={[Function]}
                  onClick={[Function]}
                  onFocus={[Function]}
                  onKeyDown={[Function]}
                  placeholder="HH:MM"
                  readOnly={false}
                  type="text"
                  value=""
                />
              </div>
            </div>
          </div>
          
        </div>
      </div>
      
    </li>
    <li
      className="schedule-date-item"
    >
      <div
        className="schedule-date-item-container"
      >
        <div
          className="pgn__form-group datepicker-custom"
        >
          <label
            className="pgn__form-label d-flex justify-content-between mb-0"
            htmlFor="form-field10"
          >
            <span
              className="datepicker-custom-control-label"
            >
              Upgrade deadline date
            </span>
          </label>
          <div
            className="position-relative"
          >
            <div
              className="react-datepicker-wrapper"
            >
              <div
                className="react-datepicker__input-container "
              >
                <span
                  aria-live="polite"
                  className="react-datepicker__aria-live"
                  role="alert"
                />
                <input
                  autoComplete="off"
                  className="datepicker-custom-control datepicker-custom-control_readonly"
                  disabled={true}
                  name="upgradeDeadline-date"
                  onBlur={[Function]}
                  onChange={[Function]}
                  onClick={[Function]}
                  onFocus={[Function]}
                  onKeyDown={[Function]}
                  placeholder="MM/DD/YYYY"
                  readOnly={false}
                  type="text"
                  value="07/03/2023"
                />
              </div>
            </div>
          </div>
          <div
            className="pgn__form-control-description pgn__form-text pgn__form-text-default"
            id="form-field10-27"
          >
            <div>
              Last day students can upgrade to a verified enrollment. Contact your edX partner manager to update these settings.
            </div>
          </div>
        </div>
        <div
          className="pgn__form-group datepicker-custom"
        >
          <label
            className="pgn__form-label d-flex justify-content-between mb-0"
            htmlFor="form-field11"
          >
            <span
              className="datepicker-custom-control-label"
            >
              Upgrade deadline time
            </span>
            <span
              className="h6 font-weight-normal text-gray-500"
            >
              (
              UTC
              )
            </span>
          </label>
          <div
            className="position-relative"
          >
            <div
              className="react-datepicker-wrapper"
            >
              <div
                className="react-datepicker__input-container "
              >
                <span
                  aria-live="polite"
                  className="react-datepicker__aria-live"
                  role="alert"
                />
                <input
                  autoComplete="off"
                  className="datepicker-custom-control datepicker-custom-control_readonly"
                  disabled={true}
                  name="upgradeDeadline-time"
                  onBlur={[Function]}
                  onChange={[Function]}
                  onClick={[Function]}
                  onFocus={[Function]}
                  onKeyDown={[Function]}
                  placeholder="HH:MM"
                  readOnly={false}
                  type="text"
                  value="02:59"
                />
              </div>
            </div>
          </div>
          
        </div>
      </div>
      
    </li>
  </ul>
</section>
`;
